// Vitest Snapshot v1, https://vitest.dev/guide/snapshot.html

exports[`should match snapshot 1`] = `
<DocumentFragment>
  <div
    class="container"
  >
    <form
      class="mb-4"
    >
      <div
        class="row mb-3"
      >
        <label
          class="col-lg-1 col-form-label"
          for="username"
        >
          Username:
        </label>
        <div
          class="col-lg-10"
        >
          <input
            class="mb-4 form-control"
            id="username"
            name="username"
            placeholder="username"
            required=""
            type="text"
            value=""
          />
        </div>
      </div>
      <div
        class="row mb-3"
      >
        <label
          class="col-lg-1 col-form-label"
          for="password"
        >
          Password:
        </label>
        <div
          class="col-lg-10"
        >
          <input
            class="mb-4 form-control"
            id="password"
            name="password"
            placeholder="password"
            required=""
            type="password"
            value=""
          />
        </div>
      </div>
      <button
        class="btn btn-primary"
      >
        Submit
      </button>
    </form>
  </div>
</DocumentFragment>
`;
